stm32f0xx_it.c:76:6:NMI_Handler	0	static
stm32f0xx_it.c:89:6:HardFault_Handler	0	static
stm32f0xx_it.c:104:6:SVC_Handler	0	static
stm32f0xx_it.c:117:6:PendSV_Handler	0	static
stm32f0xx_it.c:130:6:SysTick_Handler	8	static
stm32f0xx_it.c:151:6:RCC_CRS_IRQHandler	0	static
stm32f0xx_it.c:164:6:DMA1_Channel2_3_IRQHandler	8	static
stm32f0xx_it.c:179:6:ADC1_IRQHandler	8	static
stm32f0xx_it.c:193:6:TIM3_IRQHandler	8	static
stm32f0xx_it.c:207:6:I2C1_IRQHandler	8	static
stm32f0xx_it.c:225:6:USART1_IRQHandler	8	static
stm32f0xx_it.c:239:6:USART2_IRQHandler	8	static
